2026-04-13 17:06:34,218 [INFO] 
2026-04-13 17:06:34,218 [INFO] ============== 选股结果 [少妇战法] ==============
2026-04-13 17:06:34,218 [INFO] 交易日: 2025-07-07
2026-04-13 17:06:34,218 [INFO] 符合条件股票数: 99
2026-04-13 17:06:34,219 [INFO] 002952, 603218, 300891, 002425, 301555, 601059, 002202, 300569, 301152, 688148, 601319, 300037, 688186, 300890, 002055, 002268, 301421, 600302, 600415, 300440, 603065, 688006, 300523, 603026, 603876, 002097, 300863, 300450, 688055, 300252, 002902, 600478, 300080, 688175, 300120, 002119, 002753, 300173, 301148, 300619, 300504, 002976, 300618, 300772, 603978, 301587, 603125, 002506, 002221, 301121, 688601, 603867, 301219, 603306, 301185, 002383, 000020, 300072, 301308, 300769, 600604, 300951, 605167, 300814, 002769, 002638, 000403, 300409, 300291, 300484, 002074, 300250, 300841, 002741, 688053, 300462, 002485, 600884, 300073, 002240, 000668, 301566, 688127, 601869, 002962, 300903, 001207, 001296, 003026, 301270, 002632, 300793, 688779, 688496, 603988, 603381, 300787, 002057, 301155
2026-04-13 17:06:34,219 [INFO] 结果已保存到: backtest_results/20250707.json
2026-04-13 17:10:02,875 [INFO] 
2026-04-13 17:10:02,876 [INFO] ============== 选股结果 [SuperB1战法] ==============
2026-04-13 17:10:02,876 [INFO] 交易日: 2025-07-07
2026-04-13 17:10:02,876 [INFO] 符合条件股票数: 0
2026-04-13 17:10:02,876 [INFO] 无符合条件股票
2026-04-13 17:10:02,876 [INFO] 结果已保存到: backtest_results/20250707.json
2026-04-13 17:10:30,777 [INFO] 
2026-04-13 17:10:30,777 [INFO] ============== 选股结果 [补票战法] ==============
2026-04-13 17:10:30,777 [INFO] 交易日: 2025-07-07
2026-04-13 17:10:30,777 [INFO] 符合条件股票数: 19
2026-04-13 17:10:30,777 [INFO] 301100, 002972, 300803, 603729, 603700, 300604, 603339, 300512, 002398, 301049, 688728, 300155, 002576, 688458, 688098, 301446, 000586, 603860, 603321
2026-04-13 17:10:30,777 [INFO] 结果已保存到: backtest_results/20250707.json
2026-04-13 17:10:38,896 [INFO] 
2026-04-13 17:10:38,896 [INFO] ============== 选股结果 [填坑战法] ==============
2026-04-13 17:10:38,896 [INFO] 交易日: 2025-07-07
2026-04-13 17:10:38,896 [INFO] 符合条件股票数: 19
2026-04-13 17:10:38,896 [INFO] 600367, 688786, 603203, 300457, 300450, 600478, 301022, 301617, 600604, 603063, 002769, 300409, 300291, 600722, 603722, 301566, 601869, 002930, 003026
2026-04-13 17:10:38,897 [INFO] 结果已保存到: backtest_results/20250707.json
2026-04-13 17:10:43,098 [INFO] 
2026-04-13 17:10:43,098 [INFO] ============== 选股结果 [上穿60放量战法] ==============
2026-04-13 17:10:43,098 [INFO] 交易日: 2025-07-07
2026-04-13 17:10:43,098 [INFO] 符合条件股票数: 98
2026-04-13 17:10:43,098 [INFO] 688559, 688049, 600367, 300565, 300135, 301567, 601059, 300323, 301152, 688409, 688148, 603203, 300037, 300959, 300457, 300694, 603008, 002268, 002426, 688006, 603855, 603026, 300077, 002824, 300450, 300252, 688130, 002902, 600478, 300120, 600992, 002119, 300236, 002753, 300173, 300619, 300504, 603533, 300772, 000995, 002506, 002221, 002115, 301121, 688035, 301219, 301487, 300660, 301568, 301221, 300072, 688371, 301308, 300769, 300480, 600604, 002628, 300951, 301238, 300814, 003029, 300174, 300566, 000403, 300409, 300291, 688707, 300245, 603037, 600722, 002759, 300250, 000049, 301110, 002741, 688053, 603222, 300429, 002026, 300073, 002240, 300340, 603722, 688661, 601869, 002962, 301095, 300400, 603155, 300903, 300801, 301038, 300164, 001296, 002632, 688496, 603381, 603353
2026-04-13 17:10:43,098 [INFO] 结果已保存到: backtest_results/20250707.json
2026-04-13 17:10:44,781 [INFO] 
2026-04-13 17:10:44,781 [INFO] ============== 选股结果 [暴力K战法] ==============
2026-04-13 17:10:44,791 [INFO] 交易日: 2025-07-07
2026-04-13 17:10:44,791 [INFO] 符合条件股票数: 17
2026-04-13 17:10:44,791 [INFO] 600550, 603976, 000993, 002354, 001356, 002324, 000899, 000539, 301260, 600807, 002098, 301120, 300779, 300712, 002153, 000838, 688228
2026-04-13 17:10:44,791 [INFO] 结果已保存到: backtest_results/20250707.json
2026-04-13 17:12:09,603 [INFO] 
2026-04-13 17:12:09,603 [INFO] ============== 选股结果 [少妇战法] ==============
2026-04-13 17:12:09,603 [INFO] 交易日: 2025-04-07
2026-04-13 17:12:09,603 [INFO] 符合条件股票数: 0
2026-04-13 17:12:09,603 [INFO] 无符合条件股票
2026-04-13 17:12:09,604 [INFO] 结果已保存到: backtest_results/20250407.json
2026-04-13 17:12:09,646 [INFO] 
2026-04-13 17:12:09,646 [INFO] ============== 选股结果 [SuperB1战法] ==============
2026-04-13 17:12:09,646 [INFO] 交易日: 2025-04-07
2026-04-13 17:12:09,646 [INFO] 符合条件股票数: 0
2026-04-13 17:12:09,646 [INFO] 无符合条件股票
2026-04-13 17:12:09,646 [INFO] 结果已保存到: backtest_results/20250407.json
2026-04-13 17:12:13,251 [INFO] 
2026-04-13 17:12:13,251 [INFO] ============== 选股结果 [补票战法] ==============
2026-04-13 17:12:13,251 [INFO] 交易日: 2025-04-07
2026-04-13 17:12:13,251 [INFO] 符合条件股票数: 0
2026-04-13 17:12:13,251 [INFO] 无符合条件股票
2026-04-13 17:12:13,252 [INFO] 结果已保存到: backtest_results/20250407.json
2026-04-13 17:12:14,457 [INFO] 
2026-04-13 17:12:14,457 [INFO] ============== 选股结果 [填坑战法] ==============
2026-04-13 17:12:14,457 [INFO] 交易日: 2025-04-07
2026-04-13 17:12:14,457 [INFO] 符合条件股票数: 0
2026-04-13 17:12:14,457 [INFO] 无符合条件股票
2026-04-13 17:12:14,457 [INFO] 结果已保存到: backtest_results/20250407.json
2026-04-13 17:12:16,235 [INFO] 
2026-04-13 17:12:16,235 [INFO] ============== 选股结果 [上穿60放量战法] ==============
2026-04-13 17:12:16,235 [INFO] 交易日: 2025-04-07
2026-04-13 17:12:16,235 [INFO] 符合条件股票数: 0
2026-04-13 17:12:16,235 [INFO] 无符合条件股票
2026-04-13 17:12:16,236 [INFO] 结果已保存到: backtest_results/20250407.json
2026-04-13 17:12:17,888 [INFO] 
2026-04-13 17:12:17,888 [INFO] ============== 选股结果 [暴力K战法] ==============
2026-04-13 17:12:17,889 [INFO] 交易日: 2025-04-07
2026-04-13 17:12:17,889 [INFO] 符合条件股票数: 11
2026-04-13 17:12:17,889 [INFO] 600371, 600359, 002258, 600354, 002880, 600313, 000403, 600598, 002041, 000713, 600965
2026-04-13 17:12:17,889 [INFO] 结果已保存到: backtest_results/20250407.json
2026-04-13 17:13:40,374 [INFO] 
2026-04-13 17:13:40,375 [INFO] ============== 选股结果 [少妇战法] ==============
2026-04-13 17:13:40,375 [INFO] 交易日: 2025-09-30
2026-04-13 17:13:40,375 [INFO] 符合条件股票数: 50
2026-04-13 17:13:40,375 [INFO] 603989, 688433, 002100, 688097, 603009, 603816, 300456, 688376, 300833, 688558, 601880, 300984, 002106, 300614, 300540, 002066, 300873, 000811, 002745, 603368, 301307, 002008, 002529, 002617, 603662, 300709, 603030, 002262, 301589, 300415, 600179, 600681, 603416, 688234, 601136, 301288, 301021, 603201, 300532, 000810, 002815, 688399, 600114, 002429, 603988, 000061, 688378, 603881, 002273, 002555
2026-04-13 17:13:40,375 [INFO] 结果已保存到: backtest_results/20250930.json
2026-04-13 17:16:43,404 [INFO] 
2026-04-13 17:16:43,404 [INFO] ============== 选股结果 [SuperB1战法] ==============
2026-04-13 17:16:43,404 [INFO] 交易日: 2025-09-30
2026-04-13 17:16:43,404 [INFO] 符合条件股票数: 0
2026-04-13 17:16:43,404 [INFO] 无符合条件股票
2026-04-13 17:16:43,405 [INFO] 结果已保存到: backtest_results/20250930.json
2026-04-13 17:17:14,069 [INFO] 
2026-04-13 17:17:14,069 [INFO] ============== 选股结果 [补票战法] ==============
2026-04-13 17:17:14,069 [INFO] 交易日: 2025-09-30
2026-04-13 17:17:14,069 [INFO] 符合条件股票数: 4
2026-04-13 17:17:14,069 [INFO] 601872, 603179, 002074, 300857
2026-04-13 17:17:14,069 [INFO] 结果已保存到: backtest_results/20250930.json
2026-04-13 17:17:22,395 [INFO] 
2026-04-13 17:17:22,396 [INFO] ============== 选股结果 [填坑战法] ==============
2026-04-13 17:17:22,396 [INFO] 交易日: 2025-09-30
2026-04-13 17:17:22,396 [INFO] 符合条件股票数: 14
2026-04-13 17:17:22,396 [INFO] 300382, 301398, 002547, 603667, 300577, 300252, 002745, 301016, 002276, 601136, 688031, 688306, 603988, 001202
2026-04-13 17:17:22,396 [INFO] 结果已保存到: backtest_results/20250930.json
2026-04-13 17:17:29,443 [INFO] 
2026-04-13 17:17:29,443 [INFO] ============== 选股结果 [上穿60放量战法] ==============
2026-04-13 17:17:29,443 [INFO] 交易日: 2025-09-30
2026-04-13 17:17:29,443 [INFO] 符合条件股票数: 22
2026-04-13 17:17:29,443 [INFO] 300135, 300382, 002060, 603091, 002547, 000766, 301012, 601022, 300543, 300492, 688628, 002010, 301016, 603030, 600170, 688593, 300217, 301225, 002101, 002870, 301353, 603988
2026-04-13 17:17:29,444 [INFO] 结果已保存到: backtest_results/20250930.json
2026-04-13 17:17:31,217 [INFO] 
2026-04-13 17:17:31,218 [INFO] ============== 选股结果 [暴力K战法] ==============
2026-04-13 17:17:31,218 [INFO] 交易日: 2025-09-30
2026-04-13 17:17:31,218 [INFO] 符合条件股票数: 15
2026-04-13 17:17:31,218 [INFO] 300692, 003002, 603320, 002875, 300935, 601618, 002045, 002756, 002985, 002390, 600301, 002996, 600006, 603810, 000923
2026-04-13 17:17:31,218 [INFO] 结果已保存到: backtest_results/20250930.json
