2026-04-29T15:44:15 [INFO] 任务已提交: market_data_sync
2026-04-29T15:44:15 [INFO] 开始执行
2026-04-29T15:44:15 [INFO] 初始化行情接口
2026-04-29T15:44:15 [INFO] 正在更新股票列表 stocklist.csv
2026-04-29T15:44:15 [INFO] 股票列表已更新: 5511 只股票
2026-04-29T15:44:15 [INFO] 行情拉取开始: 20190101 ~ 20260429，共 5200 只股票；请求结束日 2026-04-29，按北京时间 16:00 规则判断的最新交易日 2026-04-29
2026-04-29T15:44:41 [INFO] 下载进度: 100/5200，已是最新 0，已拉取 100，空数据 0，失败 0
2026-04-29T15:45:08 [INFO] 下载进度: 200/5200，已是最新 0，已拉取 200，空数据 0，失败 0
2026-04-29T15:45:34 [INFO] 下载进度: 300/5200，已是最新 0，已拉取 300，空数据 0，失败 0
2026-04-29T15:46:00 [INFO] 下载进度: 400/5200，已是最新 0，已拉取 400，空数据 0，失败 0
2026-04-29T15:46:24 [INFO] 下载进度: 500/5200，已是最新 0，已拉取 500，空数据 0，失败 0
2026-04-29T15:46:48 [INFO] 下载进度: 600/5200，已是最新 0，已拉取 600，空数据 0，失败 0
2026-04-29T15:47:12 [INFO] 下载进度: 700/5200，已是最新 0，已拉取 700，空数据 0，失败 0
2026-04-29T15:47:36 [INFO] 下载进度: 800/5200，已是最新 0，已拉取 800，空数据 0，失败 0
2026-04-29T15:48:00 [INFO] 下载进度: 900/5200，已是最新 0，已拉取 900，空数据 0，失败 0
2026-04-29T15:48:25 [INFO] 下载进度: 1000/5200，已是最新 0，已拉取 1000，空数据 0，失败 0
2026-04-29T15:48:50 [INFO] 下载进度: 1100/5200，已是最新 0，已拉取 1100，空数据 0，失败 0
2026-04-29T15:49:15 [INFO] 下载进度: 1200/5200，已是最新 0，已拉取 1200，空数据 0，失败 0
2026-04-29T15:49:38 [INFO] 下载进度: 1300/5200，已是最新 0，已拉取 1300，空数据 0，失败 0
2026-04-29T15:50:02 [INFO] 下载进度: 1400/5200，已是最新 0，已拉取 1400，空数据 0，失败 0
2026-04-29T15:50:25 [INFO] 下载进度: 1500/5200，已是最新 0，已拉取 1500，空数据 0，失败 0
2026-04-29T15:50:49 [INFO] 下载进度: 1600/5200，已是最新 0，已拉取 1600，空数据 0，失败 0
2026-04-29T15:51:13 [INFO] 下载进度: 1700/5200，已是最新 0，已拉取 1700，空数据 0，失败 0
2026-04-29T15:51:39 [INFO] 下载进度: 1800/5200，已是最新 0，已拉取 1800，空数据 0，失败 0
2026-04-29T15:52:04 [INFO] 下载进度: 1900/5200，已是最新 0，已拉取 1900，空数据 0，失败 0
2026-04-29T15:52:27 [INFO] 下载进度: 2000/5200，已是最新 0，已拉取 2000，空数据 0，失败 0
2026-04-29T15:52:51 [INFO] 下载进度: 2100/5200，已是最新 0，已拉取 2100，空数据 0，失败 0
2026-04-29T15:53:14 [INFO] 下载进度: 2200/5200，已是最新 0，已拉取 2200，空数据 0，失败 0
2026-04-29T15:53:37 [INFO] 下载进度: 2300/5200，已是最新 0，已拉取 2300，空数据 0，失败 0
2026-04-29T15:53:58 [INFO] 下载进度: 2400/5200，已是最新 0，已拉取 2400，空数据 0，失败 0
2026-04-29T15:54:20 [INFO] 下载进度: 2500/5200，已是最新 0，已拉取 2500，空数据 0，失败 0
2026-04-29T15:54:40 [INFO] 下载进度: 2600/5200，已是最新 0，已拉取 2600，空数据 0，失败 0
2026-04-29T15:55:00 [INFO] 下载进度: 2700/5200，已是最新 0，已拉取 2700，空数据 0，失败 0
2026-04-29T15:55:19 [INFO] 下载进度: 2800/5200，已是最新 0，已拉取 2800，空数据 0，失败 0
2026-04-29T15:55:36 [INFO] 下载进度: 2900/5200，已是最新 0，已拉取 2900，空数据 0，失败 0
2026-04-29T15:55:59 [INFO] 下载进度: 3000/5200，已是最新 0，已拉取 3000，空数据 0，失败 0
2026-04-29T15:56:24 [INFO] 下载进度: 3100/5200，已是最新 0，已拉取 3100，空数据 0，失败 0
2026-04-29T15:56:47 [INFO] 下载进度: 3200/5200，已是最新 0，已拉取 3200，空数据 0，失败 0
2026-04-29T15:57:10 [INFO] 下载进度: 3300/5200，已是最新 0，已拉取 3300，空数据 0，失败 0
2026-04-29T15:57:33 [INFO] 下载进度: 3400/5200，已是最新 0，已拉取 3400，空数据 0，失败 0
2026-04-29T15:57:57 [INFO] 下载进度: 3500/5200，已是最新 0，已拉取 3500，空数据 0，失败 0
2026-04-29T15:58:20 [INFO] 下载进度: 3600/5200，已是最新 0，已拉取 3600，空数据 0，失败 0
2026-04-29T15:58:42 [INFO] 下载进度: 3700/5200，已是最新 0，已拉取 3700，空数据 0，失败 0
2026-04-29T15:59:06 [INFO] 下载进度: 3800/5200，已是最新 0，已拉取 3800，空数据 0，失败 0
2026-04-29T15:59:29 [INFO] 下载进度: 3900/5200，已是最新 0，已拉取 3900，空数据 0，失败 0
2026-04-29T15:59:51 [INFO] 下载进度: 4000/5200，已是最新 0，已拉取 4000，空数据 0，失败 0
2026-04-29T16:00:13 [INFO] 下载进度: 4100/5200，已是最新 0，已拉取 4100，空数据 0，失败 0
2026-04-29T16:00:35 [INFO] 下载进度: 4200/5200，已是最新 0，已拉取 4200，空数据 0，失败 0
2026-04-29T16:00:59 [INFO] 下载进度: 4300/5200，已是最新 0，已拉取 4300，空数据 0，失败 0
2026-04-29T16:01:24 [INFO] 下载进度: 4400/5200，已是最新 0，已拉取 4400，空数据 0，失败 0
2026-04-29T16:01:48 [INFO] 下载进度: 4500/5200，已是最新 0，已拉取 4500，空数据 0，失败 0
2026-04-29T16:02:12 [INFO] 下载进度: 4600/5200，已是最新 0，已拉取 4600，空数据 0，失败 0
2026-04-29T16:02:36 [INFO] 下载进度: 4700/5200，已是最新 0，已拉取 4700，空数据 0，失败 0
2026-04-29T16:02:58 [INFO] 下载进度: 4800/5200，已是最新 0，已拉取 4800，空数据 0，失败 0
2026-04-29T16:03:20 [INFO] 下载进度: 4900/5200，已是最新 0，已拉取 4900，空数据 0，失败 0
2026-04-29T16:03:41 [INFO] 下载进度: 5000/5200，已是最新 0，已拉取 5000，空数据 0，失败 0
2026-04-29T16:04:02 [INFO] 下载进度: 5100/5200，已是最新 0，已拉取 5100，空数据 0，失败 0
2026-04-29T16:04:22 [INFO] 下载进度: 5200/5200，已是最新 0，已拉取 5200，空数据 0，失败 0
2026-04-29T16:04:22 [INFO] 行情拉取完成: 总数 5200，已是最新 0，空数据 0，失败 0，耗时 1207.27s
2026-04-29T16:04:22 [INFO] 执行完成
2026-04-29T16:04:22 [INFO] 结果页面: /market-data
