2026-05-06T14:58:52 [INFO] 任务已提交: selection_batch
2026-05-06T14:58:52 [INFO] 开始执行
2026-05-06T14:58:52 [INFO] 加载行情数据
2026-05-06T14:58:54 [INFO] 批量选股开始: 2026-04-01 ~ 2026-04-17，实际交易日 12 个，范围 2026-04-01 ~ 2026-04-17
2026-05-06T14:58:54 [INFO] 2026-04-01 开始
2026-05-06T14:58:55 [INFO] 2026-04-01 倍量多空平衡策略 选出 0 只
2026-05-06T14:58:55 [INFO] 2026-04-01 完成，选出 0 条
2026-05-06T14:58:55 [INFO] 2026-04-02 开始
2026-05-06T14:58:55 [INFO] 2026-04-02 倍量多空平衡策略 选出 0 只
2026-05-06T14:58:55 [INFO] 2026-04-02 完成，选出 0 条
2026-05-06T14:58:55 [INFO] 2026-04-03 开始
2026-05-06T14:58:56 [INFO] 2026-04-03 倍量多空平衡策略 选出 0 只
2026-05-06T14:58:56 [INFO] 2026-04-03 完成，选出 0 条
2026-05-06T14:58:56 [INFO] 2026-04-07 开始
2026-05-06T14:58:57 [INFO] 2026-04-07 倍量多空平衡策略 选出 0 只
2026-05-06T14:58:57 [INFO] 2026-04-07 完成，选出 0 条
2026-05-06T14:58:57 [INFO] 2026-04-08 开始
2026-05-06T14:58:58 [INFO] 2026-04-08 倍量多空平衡策略 选出 0 只
2026-05-06T14:58:58 [INFO] 2026-04-08 完成，选出 0 条
2026-05-06T14:58:58 [INFO] 2026-04-09 开始
2026-05-06T14:58:59 [INFO] 2026-04-09 倍量多空平衡策略 选出 0 只
2026-05-06T14:58:59 [INFO] 2026-04-09 完成，选出 0 条
2026-05-06T14:58:59 [INFO] 2026-04-10 开始
2026-05-06T14:58:59 [INFO] 2026-04-10 倍量多空平衡策略 选出 0 只
2026-05-06T14:58:59 [INFO] 2026-04-10 完成，选出 0 条
2026-05-06T14:58:59 [INFO] 2026-04-13 开始
2026-05-06T14:59:00 [INFO] 2026-04-13 倍量多空平衡策略 选出 0 只
2026-05-06T14:59:00 [INFO] 2026-04-13 完成，选出 0 条
2026-05-06T14:59:00 [INFO] 2026-04-14 开始
2026-05-06T14:59:01 [INFO] 2026-04-14 倍量多空平衡策略 选出 0 只
2026-05-06T14:59:01 [INFO] 2026-04-14 完成，选出 0 条
2026-05-06T14:59:01 [INFO] 2026-04-15 开始
2026-05-06T14:59:02 [INFO] 2026-04-15 倍量多空平衡策略 选出 0 只
2026-05-06T14:59:02 [INFO] 2026-04-15 完成，选出 0 条
2026-05-06T14:59:02 [INFO] 2026-04-16 开始
2026-05-06T14:59:02 [INFO] 2026-04-16 倍量多空平衡策略 选出 0 只
2026-05-06T14:59:02 [INFO] 2026-04-16 完成，选出 0 条
2026-05-06T14:59:02 [INFO] 2026-04-17 开始
2026-05-06T14:59:03 [INFO] 2026-04-17 倍量多空平衡策略 选出 0 只
2026-05-06T14:59:03 [INFO] 2026-04-17 完成，选出 0 条
2026-05-06T14:59:03 [INFO] 执行完成
2026-05-06T14:59:03 [INFO] 结果页面: /selections/20260506_145903_20260417
