2026-05-06T14:58:22 [INFO] 任务已提交: selection_batch
2026-05-06T14:58:22 [INFO] 开始执行
2026-05-06T14:58:22 [INFO] 加载行情数据
2026-05-06T14:58:24 [INFO] 批量选股开始: 2026-04-01 ~ 2026-04-17，实际交易日 12 个，范围 2026-04-01 ~ 2026-04-17
2026-05-06T14:58:24 [INFO] 2026-04-01 开始
2026-05-06T14:58:25 [INFO] 2026-04-01 多空平衡选股策略 选出 492 只
2026-05-06T14:58:25 [INFO] 2026-04-01 完成，选出 492 条
2026-05-06T14:58:25 [INFO] 2026-04-02 开始
2026-05-06T14:58:26 [INFO] 2026-04-02 多空平衡选股策略 选出 486 只
2026-05-06T14:58:26 [INFO] 2026-04-02 完成，选出 486 条
2026-05-06T14:58:26 [INFO] 2026-04-03 开始
2026-05-06T14:58:27 [INFO] 2026-04-03 多空平衡选股策略 选出 410 只
2026-05-06T14:58:27 [INFO] 2026-04-03 完成，选出 410 条
2026-05-06T14:58:27 [INFO] 2026-04-07 开始
2026-05-06T14:58:28 [INFO] 2026-04-07 多空平衡选股策略 选出 557 只
2026-05-06T14:58:28 [INFO] 2026-04-07 完成，选出 557 条
2026-05-06T14:58:28 [INFO] 2026-04-08 开始
2026-05-06T14:58:29 [INFO] 2026-04-08 多空平衡选股策略 选出 136 只
2026-05-06T14:58:29 [INFO] 2026-04-08 完成，选出 136 条
2026-05-06T14:58:29 [INFO] 2026-04-09 开始
2026-05-06T14:58:30 [INFO] 2026-04-09 多空平衡选股策略 选出 521 只
2026-05-06T14:58:30 [INFO] 2026-04-09 完成，选出 521 条
2026-05-06T14:58:30 [INFO] 2026-04-10 开始
2026-05-06T14:58:31 [INFO] 2026-04-10 多空平衡选股策略 选出 632 只
2026-05-06T14:58:31 [INFO] 2026-04-10 完成，选出 632 条
2026-05-06T14:58:31 [INFO] 2026-04-13 开始
2026-05-06T14:58:33 [INFO] 2026-04-13 多空平衡选股策略 选出 769 只
2026-05-06T14:58:33 [INFO] 2026-04-13 完成，选出 769 条
2026-05-06T14:58:33 [INFO] 2026-04-14 开始
2026-05-06T14:58:34 [INFO] 2026-04-14 多空平衡选股策略 选出 603 只
2026-05-06T14:58:34 [INFO] 2026-04-14 完成，选出 603 条
2026-05-06T14:58:34 [INFO] 2026-04-15 开始
2026-05-06T14:58:35 [INFO] 2026-04-15 多空平衡选股策略 选出 613 只
2026-05-06T14:58:35 [INFO] 2026-04-15 完成，选出 613 条
2026-05-06T14:58:35 [INFO] 2026-04-16 开始
2026-05-06T14:58:37 [INFO] 2026-04-16 多空平衡选股策略 选出 657 只
2026-05-06T14:58:37 [INFO] 2026-04-16 完成，选出 657 条
2026-05-06T14:58:37 [INFO] 2026-04-17 开始
2026-05-06T14:58:38 [INFO] 2026-04-17 多空平衡选股策略 选出 683 只
2026-05-06T14:58:38 [INFO] 2026-04-17 完成，选出 683 条
2026-05-06T14:58:38 [INFO] 执行完成
2026-05-06T14:58:38 [INFO] 结果页面: /selections/20260506_145838_20260417
