2026-05-06T14:59:51 [INFO] 任务已提交: selection_batch
2026-05-06T14:59:51 [INFO] 开始执行
2026-05-06T14:59:51 [INFO] 加载行情数据
2026-05-06T14:59:53 [INFO] 批量选股开始: 2026-04-01 ~ 2026-04-29，实际交易日 20 个，范围 2026-04-01 ~ 2026-04-29
2026-05-06T14:59:53 [INFO] 2026-04-01 开始
2026-05-06T14:59:53 [INFO] 2026-04-01 倍量多空平衡策略 选出 0 只
2026-05-06T14:59:53 [INFO] 2026-04-01 完成，选出 0 条
2026-05-06T14:59:53 [INFO] 2026-04-02 开始
2026-05-06T14:59:54 [INFO] 2026-04-02 倍量多空平衡策略 选出 0 只
2026-05-06T14:59:54 [INFO] 2026-04-02 完成，选出 0 条
2026-05-06T14:59:54 [INFO] 2026-04-03 开始
2026-05-06T14:59:55 [INFO] 2026-04-03 倍量多空平衡策略 选出 0 只
2026-05-06T14:59:55 [INFO] 2026-04-03 完成，选出 0 条
2026-05-06T14:59:55 [INFO] 2026-04-07 开始
2026-05-06T14:59:55 [INFO] 2026-04-07 倍量多空平衡策略 选出 0 只
2026-05-06T14:59:55 [INFO] 2026-04-07 完成，选出 0 条
2026-05-06T14:59:55 [INFO] 2026-04-08 开始
2026-05-06T14:59:56 [INFO] 2026-04-08 倍量多空平衡策略 选出 0 只
2026-05-06T14:59:56 [INFO] 2026-04-08 完成，选出 0 条
2026-05-06T14:59:56 [INFO] 2026-04-09 开始
2026-05-06T14:59:57 [INFO] 2026-04-09 倍量多空平衡策略 选出 0 只
2026-05-06T14:59:57 [INFO] 2026-04-09 完成，选出 0 条
2026-05-06T14:59:57 [INFO] 2026-04-10 开始
2026-05-06T14:59:58 [INFO] 2026-04-10 倍量多空平衡策略 选出 0 只
2026-05-06T14:59:58 [INFO] 2026-04-10 完成，选出 0 条
2026-05-06T14:59:58 [INFO] 2026-04-13 开始
2026-05-06T14:59:58 [INFO] 2026-04-13 倍量多空平衡策略 选出 0 只
2026-05-06T14:59:58 [INFO] 2026-04-13 完成，选出 0 条
2026-05-06T14:59:58 [INFO] 2026-04-14 开始
2026-05-06T14:59:59 [INFO] 2026-04-14 倍量多空平衡策略 选出 0 只
2026-05-06T14:59:59 [INFO] 2026-04-14 完成，选出 0 条
2026-05-06T14:59:59 [INFO] 2026-04-15 开始
2026-05-06T15:00:00 [INFO] 2026-04-15 倍量多空平衡策略 选出 0 只
2026-05-06T15:00:00 [INFO] 2026-04-15 完成，选出 0 条
2026-05-06T15:00:00 [INFO] 2026-04-16 开始
2026-05-06T15:00:01 [INFO] 2026-04-16 倍量多空平衡策略 选出 0 只
2026-05-06T15:00:01 [INFO] 2026-04-16 完成，选出 0 条
2026-05-06T15:00:01 [INFO] 2026-04-17 开始
2026-05-06T15:00:02 [INFO] 2026-04-17 倍量多空平衡策略 选出 0 只
2026-05-06T15:00:02 [INFO] 2026-04-17 完成，选出 0 条
2026-05-06T15:00:02 [INFO] 2026-04-20 开始
2026-05-06T15:00:02 [INFO] 2026-04-20 倍量多空平衡策略 选出 0 只
2026-05-06T15:00:02 [INFO] 2026-04-20 完成，选出 0 条
2026-05-06T15:00:02 [INFO] 2026-04-21 开始
2026-05-06T15:00:03 [INFO] 2026-04-21 倍量多空平衡策略 选出 0 只
2026-05-06T15:00:03 [INFO] 2026-04-21 完成，选出 0 条
2026-05-06T15:00:03 [INFO] 2026-04-22 开始
2026-05-06T15:00:04 [INFO] 2026-04-22 倍量多空平衡策略 选出 0 只
2026-05-06T15:00:04 [INFO] 2026-04-22 完成，选出 0 条
2026-05-06T15:00:04 [INFO] 2026-04-23 开始
2026-05-06T15:00:05 [INFO] 2026-04-23 倍量多空平衡策略 选出 0 只
2026-05-06T15:00:05 [INFO] 2026-04-23 完成，选出 0 条
2026-05-06T15:00:05 [INFO] 2026-04-24 开始
2026-05-06T15:00:06 [INFO] 2026-04-24 倍量多空平衡策略 选出 0 只
2026-05-06T15:00:06 [INFO] 2026-04-24 完成，选出 0 条
2026-05-06T15:00:06 [INFO] 2026-04-27 开始
2026-05-06T15:00:06 [INFO] 2026-04-27 倍量多空平衡策略 选出 0 只
2026-05-06T15:00:06 [INFO] 2026-04-27 完成，选出 0 条
2026-05-06T15:00:06 [INFO] 2026-04-28 开始
2026-05-06T15:00:07 [INFO] 2026-04-28 倍量多空平衡策略 选出 0 只
2026-05-06T15:00:07 [INFO] 2026-04-28 完成，选出 0 条
2026-05-06T15:00:07 [INFO] 2026-04-29 开始
2026-05-06T15:00:08 [INFO] 2026-04-29 倍量多空平衡策略 选出 0 只
2026-05-06T15:00:08 [INFO] 2026-04-29 完成，选出 0 条
2026-05-06T15:00:08 [INFO] 执行完成
2026-05-06T15:00:08 [INFO] 结果页面: /selections/20260506_150008_20260429
