2026-05-07T09:59:45 [INFO] 任务已提交: selection_batch
2026-05-07T09:59:45 [INFO] 开始执行
2026-05-07T09:59:45 [INFO] 加载行情数据
2026-05-07T09:59:50 [INFO] 批量选股开始: 2026-03-02 ~ 2026-04-02，实际交易日 24 个，范围 2026-03-02 ~ 2026-04-02
2026-05-07T09:59:50 [INFO] 2026-03-02 开始
2026-05-07T09:59:54 [INFO] 2026-03-02 倍量多空平衡策略 选出 0 只
2026-05-07T09:59:54 [INFO] 2026-03-02 完成，选出 0 条
2026-05-07T09:59:54 [INFO] 2026-03-03 开始
2026-05-07T09:59:58 [INFO] 2026-03-03 倍量多空平衡策略 选出 1 只
2026-05-07T09:59:58 [INFO] 2026-03-03 完成，选出 1 条
2026-05-07T09:59:58 [INFO] 2026-03-04 开始
2026-05-07T10:00:02 [INFO] 2026-03-04 倍量多空平衡策略 选出 49 只
2026-05-07T10:00:02 [INFO] 2026-03-04 完成，选出 49 条
2026-05-07T10:00:02 [INFO] 2026-03-05 开始
2026-05-07T10:00:06 [INFO] 2026-03-05 倍量多空平衡策略 选出 97 只
2026-05-07T10:00:06 [INFO] 2026-03-05 完成，选出 97 条
2026-05-07T10:00:06 [INFO] 2026-03-06 开始
2026-05-07T10:00:10 [INFO] 2026-03-06 倍量多空平衡策略 选出 157 只
2026-05-07T10:00:10 [INFO] 2026-03-06 完成，选出 157 条
2026-05-07T10:00:10 [INFO] 2026-03-09 开始
2026-05-07T10:00:14 [INFO] 2026-03-09 倍量多空平衡策略 选出 18 只
2026-05-07T10:00:14 [INFO] 2026-03-09 完成，选出 18 条
2026-05-07T10:00:14 [INFO] 2026-03-10 开始
2026-05-07T10:00:17 [INFO] 2026-03-10 倍量多空平衡策略 选出 110 只
2026-05-07T10:00:17 [INFO] 2026-03-10 完成，选出 110 条
2026-05-07T10:00:17 [INFO] 2026-03-11 开始
2026-05-07T10:00:20 [INFO] 2026-03-11 倍量多空平衡策略 选出 109 只
2026-05-07T10:00:20 [INFO] 2026-03-11 完成，选出 109 条
2026-05-07T10:00:20 [INFO] 2026-03-12 开始
2026-05-07T10:00:24 [INFO] 2026-03-12 倍量多空平衡策略 选出 88 只
2026-05-07T10:00:24 [INFO] 2026-03-12 完成，选出 88 条
2026-05-07T10:00:24 [INFO] 2026-03-13 开始
2026-05-07T10:00:28 [INFO] 2026-03-13 倍量多空平衡策略 选出 83 只
2026-05-07T10:00:28 [INFO] 2026-03-13 完成，选出 83 条
2026-05-07T10:00:28 [INFO] 2026-03-16 开始
2026-05-07T10:00:31 [INFO] 2026-03-16 倍量多空平衡策略 选出 112 只
2026-05-07T10:00:31 [INFO] 2026-03-16 完成，选出 112 条
2026-05-07T10:00:31 [INFO] 2026-03-17 开始
2026-05-07T10:00:35 [INFO] 2026-03-17 倍量多空平衡策略 选出 58 只
2026-05-07T10:00:35 [INFO] 2026-03-17 完成，选出 58 条
2026-05-07T10:00:35 [INFO] 2026-03-18 开始
2026-05-07T10:00:38 [INFO] 2026-03-18 倍量多空平衡策略 选出 140 只
2026-05-07T10:00:38 [INFO] 2026-03-18 完成，选出 140 条
2026-05-07T10:00:38 [INFO] 2026-03-19 开始
2026-05-07T10:00:44 [INFO] 2026-03-19 倍量多空平衡策略 选出 54 只
2026-05-07T10:00:44 [INFO] 2026-03-19 完成，选出 54 条
2026-05-07T10:00:44 [INFO] 2026-03-20 开始
2026-05-07T10:00:48 [INFO] 2026-03-20 倍量多空平衡策略 选出 24 只
2026-05-07T10:00:48 [INFO] 2026-03-20 完成，选出 24 条
2026-05-07T10:00:48 [INFO] 2026-03-23 开始
2026-05-07T10:00:52 [INFO] 2026-03-23 倍量多空平衡策略 选出 0 只
2026-05-07T10:00:52 [INFO] 2026-03-23 完成，选出 0 条
2026-05-07T10:00:52 [INFO] 2026-03-24 开始
2026-05-07T10:00:56 [INFO] 2026-03-24 倍量多空平衡策略 选出 56 只
2026-05-07T10:00:56 [INFO] 2026-03-24 完成，选出 56 条
2026-05-07T10:00:56 [INFO] 2026-03-25 开始
2026-05-07T10:01:00 [INFO] 2026-03-25 倍量多空平衡策略 选出 145 只
2026-05-07T10:01:00 [INFO] 2026-03-25 完成，选出 145 条
2026-05-07T10:01:00 [INFO] 2026-03-26 开始
2026-05-07T10:01:04 [INFO] 2026-03-26 倍量多空平衡策略 选出 277 只
2026-05-07T10:01:04 [INFO] 2026-03-26 完成，选出 277 条
2026-05-07T10:01:04 [INFO] 2026-03-27 开始
2026-05-07T10:01:07 [INFO] 2026-03-27 倍量多空平衡策略 选出 303 只
2026-05-07T10:01:07 [INFO] 2026-03-27 完成，选出 303 条
2026-05-07T10:01:07 [INFO] 2026-03-30 开始
2026-05-07T10:01:11 [INFO] 2026-03-30 倍量多空平衡策略 选出 184 只
2026-05-07T10:01:11 [INFO] 2026-03-30 完成，选出 184 条
2026-05-07T10:01:11 [INFO] 2026-03-31 开始
2026-05-07T10:01:14 [INFO] 2026-03-31 倍量多空平衡策略 选出 122 只
2026-05-07T10:01:14 [INFO] 2026-03-31 完成，选出 122 条
2026-05-07T10:01:14 [INFO] 2026-04-01 开始
2026-05-07T10:01:17 [INFO] 2026-04-01 倍量多空平衡策略 选出 186 只
2026-05-07T10:01:17 [INFO] 2026-04-01 完成，选出 186 条
2026-05-07T10:01:17 [INFO] 2026-04-02 开始
2026-05-07T10:01:20 [INFO] 2026-04-02 倍量多空平衡策略 选出 152 只
2026-05-07T10:01:20 [INFO] 2026-04-02 完成，选出 152 条
2026-05-07T10:01:20 [INFO] 执行完成
2026-05-07T10:01:20 [INFO] 结果页面: /selections/20260507_100120_20260402
