2026-05-06T15:11:03 [INFO] 任务已提交: selection_batch
2026-05-06T15:11:03 [INFO] 开始执行
2026-05-06T15:11:03 [INFO] 加载行情数据
2026-05-06T15:11:06 [INFO] 批量选股开始: 2026-04-01 ~ 2026-04-29，实际交易日 20 个，范围 2026-04-01 ~ 2026-04-29
2026-05-06T15:11:06 [INFO] 2026-04-01 开始
2026-05-06T15:11:07 [INFO] 2026-04-01 倍量多空平衡策略 选出 73 只
2026-05-06T15:11:07 [INFO] 2026-04-01 完成，选出 73 条
2026-05-06T15:11:07 [INFO] 2026-04-02 开始
2026-05-06T15:11:08 [INFO] 2026-04-02 倍量多空平衡策略 选出 65 只
2026-05-06T15:11:08 [INFO] 2026-04-02 完成，选出 65 条
2026-05-06T15:11:08 [INFO] 2026-04-03 开始
2026-05-06T15:11:09 [INFO] 2026-04-03 倍量多空平衡策略 选出 55 只
2026-05-06T15:11:09 [INFO] 2026-04-03 完成，选出 55 条
2026-05-06T15:11:09 [INFO] 2026-04-07 开始
2026-05-06T15:11:10 [INFO] 2026-04-07 倍量多空平衡策略 选出 87 只
2026-05-06T15:11:10 [INFO] 2026-04-07 完成，选出 87 条
2026-05-06T15:11:10 [INFO] 2026-04-08 开始
2026-05-06T15:11:11 [INFO] 2026-04-08 倍量多空平衡策略 选出 12 只
2026-05-06T15:11:11 [INFO] 2026-04-08 完成，选出 12 条
2026-05-06T15:11:11 [INFO] 2026-04-09 开始
2026-05-06T15:11:12 [INFO] 2026-04-09 倍量多空平衡策略 选出 63 只
2026-05-06T15:11:12 [INFO] 2026-04-09 完成，选出 63 条
2026-05-06T15:11:12 [INFO] 2026-04-10 开始
2026-05-06T15:11:13 [INFO] 2026-04-10 倍量多空平衡策略 选出 68 只
2026-05-06T15:11:13 [INFO] 2026-04-10 完成，选出 68 条
2026-05-06T15:11:13 [INFO] 2026-04-13 开始
2026-05-06T15:11:14 [INFO] 2026-04-13 倍量多空平衡策略 选出 136 只
2026-05-06T15:11:14 [INFO] 2026-04-13 完成，选出 136 条
2026-05-06T15:11:14 [INFO] 2026-04-14 开始
2026-05-06T15:11:15 [INFO] 2026-04-14 倍量多空平衡策略 选出 66 只
2026-05-06T15:11:15 [INFO] 2026-04-14 完成，选出 66 条
2026-05-06T15:11:15 [INFO] 2026-04-15 开始
2026-05-06T15:11:17 [INFO] 2026-04-15 倍量多空平衡策略 选出 79 只
2026-05-06T15:11:17 [INFO] 2026-04-15 完成，选出 79 条
2026-05-06T15:11:17 [INFO] 2026-04-16 开始
2026-05-06T15:11:18 [INFO] 2026-04-16 倍量多空平衡策略 选出 75 只
2026-05-06T15:11:18 [INFO] 2026-04-16 完成，选出 75 条
2026-05-06T15:11:18 [INFO] 2026-04-17 开始
2026-05-06T15:11:19 [INFO] 2026-04-17 倍量多空平衡策略 选出 86 只
2026-05-06T15:11:19 [INFO] 2026-04-17 完成，选出 86 条
2026-05-06T15:11:19 [INFO] 2026-04-20 开始
2026-05-06T15:11:20 [INFO] 2026-04-20 倍量多空平衡策略 选出 98 只
2026-05-06T15:11:20 [INFO] 2026-04-20 完成，选出 98 条
2026-05-06T15:11:20 [INFO] 2026-04-21 开始
2026-05-06T15:11:21 [INFO] 2026-04-21 倍量多空平衡策略 选出 159 只
2026-05-06T15:11:21 [INFO] 2026-04-21 完成，选出 159 条
2026-05-06T15:11:21 [INFO] 2026-04-22 开始
2026-05-06T15:11:22 [INFO] 2026-04-22 倍量多空平衡策略 选出 168 只
2026-05-06T15:11:22 [INFO] 2026-04-22 完成，选出 168 条
2026-05-06T15:11:22 [INFO] 2026-04-23 开始
2026-05-06T15:11:23 [INFO] 2026-04-23 倍量多空平衡策略 选出 58 只
2026-05-06T15:11:23 [INFO] 2026-04-23 完成，选出 58 条
2026-05-06T15:11:23 [INFO] 2026-04-24 开始
2026-05-06T15:11:24 [INFO] 2026-04-24 倍量多空平衡策略 选出 104 只
2026-05-06T15:11:24 [INFO] 2026-04-24 完成，选出 104 条
2026-05-06T15:11:24 [INFO] 2026-04-27 开始
2026-05-06T15:11:25 [INFO] 2026-04-27 倍量多空平衡策略 选出 118 只
2026-05-06T15:11:25 [INFO] 2026-04-27 完成，选出 118 条
2026-05-06T15:11:25 [INFO] 2026-04-28 开始
2026-05-06T15:11:26 [INFO] 2026-04-28 倍量多空平衡策略 选出 86 只
2026-05-06T15:11:26 [INFO] 2026-04-28 完成，选出 86 条
2026-05-06T15:11:26 [INFO] 2026-04-29 开始
2026-05-06T15:11:27 [INFO] 2026-04-29 倍量多空平衡策略 选出 95 只
2026-05-06T15:11:27 [INFO] 2026-04-29 完成，选出 95 条
2026-05-06T15:11:27 [INFO] 执行完成
2026-05-06T15:11:27 [INFO] 结果页面: /selections/20260506_151127_20260429
